// Vitest Snapshot v1, https://vitest.dev/guide/snapshot.html

exports[`when opening 1`] = `
{
  "components": [
    {
      "components": [
        {
          "custom_id": "OpenModal",
          "disabled": undefined,
          "emoji": undefined,
          "label": "Modal",
          "style": 1,
          "type": 2,
        },
      ],
      "type": 1,
    },
  ],
  "content": undefined,
  "embeds": [
    {
      "author": undefined,
      "color": undefined,
      "description": "Hello World!",
      "fields": undefined,
      "footer": undefined,
      "image": {
        "url": "https://dffp.org/s/eJxrXpSZsjY4M7cgJ9U3tbg4MT11aUFRfkHxgWXFJYnJ2cWNqJITDwAAK7gWRQ",
      },
      "title": undefined,
      "url": undefined,
    },
  ],
  "flags": undefined,
}
`;

exports[`when opening 2`] = `
{
  "components": [
    {
      "components": [
        {
          "custom_id": "modal:0:textinput:0",
          "max_length": undefined,
          "min_length": undefined,
          "placeholder": undefined,
          "required": undefined,
          "style": 1,
          "type": 4,
          "value": "Ope",
        },
      ],
      "type": 1,
    },
  ],
  "custom_id": "SimpleModal/SimpleModal",
  "title": "Hello World!",
}
`;
