// Vitest Snapshot v1, https://vitest.dev/guide/snapshot.html

exports[`when re-registering a server 1`] = `
{
  "description": "Success",
}
`;

exports[`when re-registering a server 2`] = `
{
  "pk": "guild",
  "sk": "@",
}
`;

exports[`when re-registering a server 3`] = `
{
  "_tag": "Server",
  "_v": 1,
  "_v7": "00000000-0000-7000-8000-000000000000",
  "admin": "admin2",
  "created": "1970-01-01T00:00:00.000Z",
  "pk": "guild",
  "pk1": "guild",
  "sk": "@",
  "sk1": "@",
  "updated": "1970-01-01T00:00:00.000Z",
}
`;

exports[`when registering a new server 1`] = `
{
  "description": "Success",
}
`;

exports[`when registering a new server 2`] = `
{
  "pk": "guild",
  "sk": "@",
}
`;

exports[`when registering a new server 3`] = `
{
  "_tag": "Server",
  "_v": 1,
  "_v7": "00000000-0000-7000-8000-000000000000",
  "admin": "admin",
  "created": "1970-01-01T00:00:00.000Z",
  "pk": "guild",
  "pk1": "guild",
  "sk": "@",
  "sk1": "@",
  "updated": "1970-01-01T00:00:00.000Z",
}
`;
