// Vitest Snapshot v1, https://vitest.dev/guide/snapshot.html

exports[`given caller is attempting admin registration > given player is already registered at higher verification level > when admin registering user player 2`] = `
[
  "#player",
]
`;

exports[`given caller is attempting admin registration > given player is already registered at higher verification level > when admin registering user player 3`] = `
{
  "pk": "user",
  "sk": "@",
}
`;

exports[`given caller is attempting admin registration > given player is already registered at higher verification level > when admin registering user player 4`] = `
{
  "pk": "guild",
  "sk": "@",
}
`;

exports[`given caller is attempting admin registration > given player is already registered at higher verification level > when admin registering user player 5`] = `"pk2 = :pk2"`;

exports[`given caller is attempting admin registration > when admin registering user player 2`] = `
[
  "#player",
]
`;

exports[`given caller is attempting admin registration > when admin registering user player 3`] = `
{
  "pk": "user",
  "sk": "@",
}
`;

exports[`given caller is attempting admin registration > when admin registering user player 4`] = `
{
  "pk": "guild",
  "sk": "@",
}
`;

exports[`given caller is attempting admin registration > when admin registering user player 5`] = `"pk2 = :pk2"`;

exports[`given caller is attempting admin registration > when admin registering user player 6`] = `
{
  "_tag": "UserPlayer",
  "_v": 1,
  "_v7": "00000000-0000-7000-8000-000000000000",
  "account_type": "main",
  "created": "1970-01-01T00:00:00.000Z",
  "name": "PlayerName",
  "pk": "user2",
  "pk2": "#player",
  "sk": "#player",
  "sk2": "user2",
  "updated": "1970-01-01T00:00:00.000Z",
  "verification": 1,
}
`;

exports[`given caller is attempting admin registration > when admin registering user player 7`] = `
{
  "pk": "user2",
  "sk": "#player",
}
`;

exports[`given caller user is not registered > when registering user player 2`] = `
{
  "pk": "user",
  "sk": "@",
}
`;

exports[`given new user player registration > given invalid api_token > when caller user is not registered 2`] = `
[
  "#player",
  "api_token",
]
`;

exports[`given new user player registration > given invalid api_token > when caller user is not registered 3`] = `
{
  "pk": "user",
  "sk": "@",
}
`;

exports[`given new user player registration > when registering user player 2`] = `
[
  "#player",
  "api_token",
]
`;

exports[`given new user player registration > when registering user player 3`] = `
[
  "#player",
]
`;

exports[`given new user player registration > when registering user player 4`] = `
{
  "pk": "user",
  "sk": "@",
}
`;

exports[`given new user player registration > when registering user player 5`] = `"pk2 = :pk2"`;

exports[`given new user player registration > when registering user player 6`] = `
{
  "_tag": "UserPlayer",
  "_v": 1,
  "_v7": "00000000-0000-7000-8000-000000000000",
  "account_type": "main",
  "created": "1970-01-01T00:00:00.000Z",
  "name": "PlayerName",
  "pk": "user",
  "pk2": "#player",
  "sk": "#player",
  "sk2": "user",
  "updated": "1970-01-01T00:00:00.000Z",
  "verification": 2,
}
`;

exports[`given user player is already registered > when registering user player 2`] = `
[
  "#player",
  "api_token",
]
`;

exports[`given user player is already registered > when registering user player 3`] = `
[
  "#player",
]
`;

exports[`given user player is already registered > when registering user player 4`] = `
{
  "pk": "user",
  "sk": "@",
}
`;

exports[`given user player is already registered > when registering user player 5`] = `"pk2 = :pk2"`;

exports[`given user player is already registered > when registering user player 6`] = `
{
  "_tag": "UserPlayer",
  "_v": 1,
  "_v7": "00000000-0000-7000-8000-000000000000",
  "account_type": "main",
  "created": "1970-01-01T00:00:00.000Z",
  "name": "PlayerName",
  "pk": "user",
  "pk2": "#player",
  "sk": "#player",
  "sk2": "user",
  "updated": "1970-01-01T00:00:00.000Z",
  "verification": 2,
}
`;

exports[`given user player is already registered > when registering user player 7`] = `
{
  "pk": "user2",
  "sk": "#player",
}
`;
