// Vitest Snapshot v1, https://vitest.dev/guide/snapshot.html

exports[`when dispatching an event 2`] = `
"{
  "embeds": [
    {
      "title": "Omni Board",
      "description": "V2 - JSX Pragma"
    },
    {
      "title": "Test Title - NOT markdown",
      "description": "### H3-# \\n@123456\\n__$ not a link__"
    }
  ],
  "components": [
    {
      "type": 1,
      "components": [
        {
          "label": "Start 0",
          "style": 1,
          "type": 2,
          "custom_id": "actions:2:button:0"
        },
        {
          "label": "Help",
          "style": 2,
          "type": 2,
          "custom_id": "actions:2:secondary:1"
        }
      ]
    },
    {
      "type": 1,
      "components": [
        {
          "custom_id": "message:0:select:3",
          "type": 3,
          "options": [
            {
              "value": "1",
              "label": "1"
            },
            {
              "value": "2",
              "label": "2"
            },
            {
              "value": "3",
              "label": "3",
              "default": true
            }
          ]
        }
      ]
    }
  ],
  "flags": 64
}"
`;

exports[`when dispatching an event 4`] = `
"{
  "embeds": [
    {
      "title": "Test Title - NOT markdown",
      "description": "### H3-# \\n@123456\\n__$ not a link__"
    }
  ],
  "components": [
    {
      "type": 1,
      "components": [
        {
          "label": "Start 1",
          "style": 1,
          "type": 2,
          "custom_id": "actions:2:button:0"
        },
        {
          "label": "Help",
          "style": 2,
          "type": 2,
          "custom_id": "actions:2:secondary:1"
        }
      ]
    },
    {
      "type": 1,
      "components": [
        {
          "custom_id": "message:0:select:3",
          "type": 3,
          "options": [
            {
              "value": "1",
              "label": "1"
            },
            {
              "value": "2",
              "label": "2"
            },
            {
              "value": "3",
              "label": "3",
              "default": true
            }
          ]
        }
      ]
    }
  ],
  "flags": 64
}"
`;

exports[`when rendering an initial tree 1`] = `
"{
  "embeds": [
    {
      "title": "Omni Board",
      "description": "V2 - JSX Pragma"
    },
    {
      "title": "Test Title - NOT markdown",
      "description": "### H3-# \\n@123456\\n__$ not a link__"
    }
  ],
  "components": [
    {
      "type": 1,
      "components": [
        {
          "label": "Start 0",
          "style": 1,
          "type": 2,
          "custom_id": "actions:2:button:0"
        },
        {
          "label": "Help",
          "style": 2,
          "type": 2,
          "custom_id": "actions:2:secondary:1"
        }
      ]
    },
    {
      "type": 1,
      "components": [
        {
          "custom_id": "message:0:select:3",
          "type": 3,
          "options": [
            {
              "value": "1",
              "label": "1"
            },
            {
              "value": "2",
              "label": "2"
            },
            {
              "value": "3",
              "label": "3",
              "default": true
            }
          ]
        }
      ]
    }
  ],
  "flags": 64
}"
`;
